// Jest Snapshot v1, https://goo.gl/fbAQLP

exports[`<Carousel /> matches the snapshot 1`] = `
<section
  className="carousel"
/>
`;
